verbose: 0
force: false
dirs:
- #ABSPATH#
- #ABSPATH#/foo/bar
